\BOOKMARK [0][-]{chapter*.2}{\376\377\000A\000b\000s\000t\000r\000a\000c\000t\000\040\000\050\000E\000n\000g\000l\000i\000s\000h\000/\000F\000r\000a\000n\000\347\000a\000i\000s\000\051}{}% 1
\BOOKMARK [0][-]{chapter.1}{\376\377\000I\000n\000t\000r\000o\000d\000u\000c\000t\000i\000o\000n}{}% 2
\BOOKMARK [1][-]{section.1.1}{\376\377\000M\000o\000t\000i\000v\000a\000t\000i\000o\000n}{chapter.1}% 3
\BOOKMARK [1][-]{section.1.2}{\376\377\000T\000h\000e\000s\000i\000s\000\040\000C\000o\000n\000t\000r\000i\000b\000u\000t\000i\000o\000n\000s}{chapter.1}% 4
\BOOKMARK [1][-]{section.1.3}{\376\377\000T\000h\000e\000s\000i\000s\000\040\000U\000s\000e\000\040\000C\000a\000s\000e}{chapter.1}% 5
\BOOKMARK [1][-]{section.1.4}{\376\377\000T\000h\000e\000s\000i\000s\000\040\000O\000u\000t\000l\000i\000n\000e}{chapter.1}% 6
\BOOKMARK [0][-]{chapter.2}{\376\377\000T\000h\000e\000\040\000F\000E\000M\000U\000\040\000F\000r\000a\000m\000e\000w\000o\000r\000k}{}% 7
\BOOKMARK [1][-]{section.2.1}{\376\377\000I\000n\000t\000r\000o\000d\000u\000c\000t\000i\000o\000n}{chapter.2}% 8
\BOOKMARK [1][-]{section.2.2}{\376\377\000R\000e\000l\000a\000t\000e\000d\000\040\000W\000o\000r\000k}{chapter.2}% 9
\BOOKMARK [2][-]{subsection.2.2.1}{\376\377\000M\000e\000m\000o\000r\000y\000-\000C\000e\000n\000t\000r\000i\000c\000\040\000M\000o\000d\000e\000l\000i\000n\000g\000\040\000P\000l\000a\000t\000f\000o\000r\000m\000s}{section.2.2}% 10
\BOOKMARK [2][-]{subsection.2.2.2}{\376\377\000P\000e\000r\000f\000o\000r\000m\000a\000n\000c\000e\000\040\000a\000n\000d\000\040\000E\000n\000e\000r\000g\000y\000\040\000M\000o\000n\000i\000t\000o\000r\000i\000n\000g\000\040\000P\000l\000a\000t\000f\000o\000r\000m\000s}{section.2.2}% 11
\BOOKMARK [2][-]{subsection.2.2.3}{\376\377\000H\000e\000t\000e\000r\000o\000g\000e\000n\000e\000o\000u\000s\000\040\000S\000y\000s\000t\000e\000m\000\040\000P\000l\000a\000t\000f\000o\000r\000m\000s}{section.2.2}% 12
\BOOKMARK [2][-]{subsection.2.2.4}{\376\377\000M\000i\000n\000i\000m\000a\000l\000\040\000P\000r\000o\000t\000o\000t\000y\000p\000i\000n\000g\000\040\000P\000l\000a\000t\000f\000o\000r\000m\000s}{section.2.2}% 13
\BOOKMARK [1][-]{section.2.3}{\376\377\000T\000h\000e\000\040\000F\000r\000a\000m\000e\000w\000o\000r\000k}{chapter.2}% 14
\BOOKMARK [2][-]{subsection.2.3.1}{\376\377\000A\000r\000c\000h\000i\000t\000e\000c\000t\000u\000r\000e\000\040\000a\000n\000d\000\040\000C\000o\000m\000p\000o\000n\000e\000n\000t\000s}{section.2.3}% 15
\BOOKMARK [3][-]{subsubsection.2.3.1.1}{\376\377\000P\000r\000o\000t\000o\000t\000y\000p\000i\000n\000g\000\040\000R\000e\000g\000i\000o\000n\000s}{subsection.2.3.1}% 16
\BOOKMARK [3][-]{subsubsection.2.3.1.2}{\376\377\000V\000i\000r\000t\000u\000a\000l\000i\000z\000a\000t\000i\000o\000n\000\040\000I\000n\000f\000r\000a\000s\000t\000r\000u\000c\000t\000u\000r\000e}{subsection.2.3.1}% 17
\BOOKMARK [3][-]{subsubsection.2.3.1.3}{\376\377\000E\000n\000e\000r\000g\000y\000\040\000E\000s\000t\000i\000m\000a\000t\000i\000o\000n\000\040\000I\000n\000f\000r\000a\000s\000t\000r\000u\000c\000t\000u\000r\000e}{subsection.2.3.1}% 18
\BOOKMARK [3][-]{subsubsection.2.3.1.4}{\376\377\000U\000s\000e\000r\000\040\000I\000n\000t\000e\000r\000f\000a\000c\000e\000\040\000a\000n\000d\000\040\000A\000u\000t\000o\000m\000a\000t\000i\000o\000n}{subsection.2.3.1}% 19
\BOOKMARK [2][-]{subsection.2.3.2}{\376\377\000P\000r\000o\000t\000o\000t\000y\000p\000i\000n\000g\000\040\000a\000n\000d\000\040\000E\000v\000a\000l\000u\000a\000t\000i\000o\000n\000\040\000F\000l\000o\000w}{section.2.3}% 20
\BOOKMARK [1][-]{section.2.4}{\376\377\000A\000n\000\040\000I\000m\000p\000l\000e\000m\000e\000n\000t\000a\000t\000i\000o\000n}{chapter.2}% 21
\BOOKMARK [2][-]{subsection.2.4.1}{\376\377\000C\000h\000o\000o\000s\000i\000n\000g\000\040\000a\000n\000\040\000S\000o\000C\000-\000B\000a\000s\000e\000d\000\040\000F\000P\000G\000A\000\040\000a\000n\000d\000\040\000H\000o\000s\000t}{section.2.4}% 22
\BOOKMARK [2][-]{subsection.2.4.2}{\376\377\000S\000e\000t\000t\000i\000n\000g\000\040\000u\000p\000\040\000a\000\040\000V\000i\000r\000t\000u\000a\000l\000i\000z\000a\000t\000i\000o\000n\000\040\000S\000t\000r\000a\000t\000e\000g\000y}{section.2.4}% 23
\BOOKMARK [2][-]{subsection.2.4.3}{\376\377\000S\000e\000t\000t\000i\000n\000g\000\040\000u\000p\000\040\000a\000\040\000P\000e\000r\000f\000o\000r\000m\000a\000n\000c\000e\000\040\000E\000s\000t\000i\000m\000a\000t\000i\000o\000n\000\040\000S\000t\000r\000a\000t\000e\000g\000y}{section.2.4}% 24
\BOOKMARK [2][-]{subsection.2.4.4}{\376\377\000S\000e\000t\000t\000i\000n\000g\000\040\000u\000p\000\040\000a\000n\000\040\000E\000n\000e\000r\000g\000y\000\040\000E\000s\000t\000i\000m\000a\000t\000i\000o\000n\000\040\000S\000t\000r\000a\000t\000e\000g\000y}{section.2.4}% 25
\BOOKMARK [2][-]{subsection.2.4.5}{\376\377\000S\000e\000t\000t\000i\000n\000g\000\040\000u\000p\000\040\000a\000\040\000U\000s\000e\000r\000\040\000I\000n\000t\000e\000r\000f\000a\000c\000e}{section.2.4}% 26
\BOOKMARK [1][-]{section.2.5}{\376\377\000E\000x\000p\000e\000r\000i\000m\000e\000n\000t\000a\000l\000\040\000S\000e\000t\000u\000p}{chapter.2}% 27
\BOOKMARK [2][-]{subsection.2.5.1}{\376\377\000S\000i\000g\000n\000a\000l\000\040\000a\000c\000q\000u\000i\000s\000i\000t\000i\000o\000n\000\040\000c\000h\000a\000r\000a\000c\000t\000e\000r\000i\000z\000a\000t\000i\000o\000n}{section.2.5}% 28
\BOOKMARK [2][-]{subsection.2.5.2}{\376\377\000C\000o\000m\000p\000u\000t\000a\000t\000i\000o\000n\000\040\000o\000f\000\040\000T\000y\000p\000i\000c\000a\000l\000\040\000T\000i\000n\000y\000A\000I\000\040\000W\000o\000r\000k\000l\000o\000a\000d\000s}{section.2.5}% 29
\BOOKMARK [1][-]{section.2.6}{\376\377\000E\000x\000p\000e\000r\000i\000m\000e\000n\000t\000a\000l\000\040\000R\000e\000s\000u\000l\000t\000s}{chapter.2}% 30
\BOOKMARK [2][-]{subsection.2.6.1}{\376\377\000S\000i\000g\000n\000a\000l\000\040\000A\000c\000q\000u\000i\000s\000i\000t\000i\000o\000n\000\040\000C\000h\000a\000r\000a\000c\000t\000e\000r\000i\000z\000a\000t\000i\000o\000n}{section.2.6}% 31
\BOOKMARK [2][-]{subsection.2.6.2}{\376\377\000C\000o\000m\000p\000u\000t\000a\000t\000i\000o\000n\000\040\000o\000f\000\040\000T\000y\000p\000i\000c\000a\000l\000\040\000T\000i\000n\000y\000A\000I\000\040\000W\000o\000r\000k\000l\000o\000a\000d\000s}{section.2.6}% 32
\BOOKMARK [2][-]{subsection.2.6.3}{\376\377\000S\000a\000m\000p\000l\000e\000\040\000C\000o\000l\000l\000e\000c\000t\000i\000o\000n\000\040\000a\000n\000d\000\040\000S\000t\000o\000r\000a\000g\000e}{section.2.6}% 33
\BOOKMARK [1][-]{section.2.7}{\376\377\000S\000u\000m\000m\000a\000r\000y\000\040\000a\000n\000d\000\040\000C\000o\000n\000c\000l\000u\000s\000i\000o\000n\000s}{chapter.2}% 34
\BOOKMARK [0][-]{chapter.3}{\376\377\000T\000h\000e\000\040\000X\000-\000H\000E\000E\000P\000\040\000P\000l\000a\000t\000f\000o\000r\000m}{}% 35
\BOOKMARK [1][-]{section.3.1}{\376\377\000I\000n\000t\000r\000o\000d\000u\000c\000t\000i\000o\000n}{chapter.3}% 36
\BOOKMARK [1][-]{section.3.2}{\376\377\000R\000e\000l\000a\000t\000e\000d\000\040\000W\000o\000r\000k}{chapter.3}% 37
\BOOKMARK [2][-]{subsection.3.2.1}{\376\377\000I\000n\000t\000e\000r\000f\000a\000c\000i\000n\000g\000\040\000E\000d\000g\000e\000\040\000A\000c\000c\000e\000l\000e\000r\000a\000t\000o\000r\000s}{section.3.2}% 38
\BOOKMARK [2][-]{subsection.3.2.2}{\376\377\000R\000e\000l\000e\000v\000a\000n\000t\000\040\000H\000o\000s\000t\000\040\000P\000l\000a\000t\000f\000o\000r\000m\000s}{section.3.2}% 39
\BOOKMARK [1][-]{section.3.3}{\376\377\000X\000-\000H\000E\000E\000P\000\040\000P\000l\000a\000t\000f\000o\000r\000m}{chapter.3}% 40
\BOOKMARK [2][-]{subsection.3.3.1}{\376\377\000A\000r\000c\000h\000i\000t\000e\000c\000t\000u\000r\000e}{section.3.3}% 41
\BOOKMARK [2][-]{subsection.3.3.2}{\376\377\000E\000x\000t\000e\000n\000d\000i\000b\000l\000e\000\040\000A\000c\000c\000e\000l\000e\000r\000a\000t\000o\000r\000\040\000I\000n\000t\000e\000r\000F\000a\000c\000e\000\040\000\050\000X\000A\000I\000F\000\051}{section.3.3}% 42
\BOOKMARK [2][-]{subsection.3.3.3}{\376\377\000T\000o\000o\000l\000s\000\040\000a\000n\000d\000\040\000S\000o\000f\000t\000w\000a\000r\000e}{section.3.3}% 43
\BOOKMARK [2][-]{subsection.3.3.4}{\376\377\000F\000P\000G\000A\000\040\000I\000m\000p\000l\000e\000m\000e\000n\000t\000a\000t\000i\000o\000n\000s}{section.3.3}% 44
\BOOKMARK [2][-]{subsection.3.3.5}{\376\377\000A\000S\000I\000C\000\040\000I\000m\000p\000l\000e\000m\000e\000n\000t\000a\000t\000i\000o\000n}{section.3.3}% 45
\BOOKMARK [1][-]{section.3.4}{\376\377\000H\000E\000E\000P\000o\000c\000r\000a\000t\000e\000s}{chapter.3}% 46
\BOOKMARK [2][-]{subsection.3.4.1}{\376\377\000A\000r\000c\000h\000i\000t\000e\000c\000t\000u\000r\000e}{section.3.4}% 47
\BOOKMARK [2][-]{subsection.3.4.2}{\376\377\000I\000m\000p\000l\000e\000m\000e\000n\000t\000a\000t\000i\000o\000n}{section.3.4}% 48
\BOOKMARK [1][-]{section.3.5}{\376\377\000E\000x\000p\000e\000r\000i\000m\000e\000n\000t\000a\000l\000\040\000S\000e\000t\000u\000p}{chapter.3}% 49
\BOOKMARK [2][-]{subsection.3.5.1}{\376\377\000X\000-\000H\000E\000E\000P\000\040\000C\000h\000a\000r\000a\000c\000t\000e\000r\000i\000z\000a\000t\000i\000o\000n}{section.3.5}% 50
\BOOKMARK [2][-]{subsection.3.5.2}{\376\377\000H\000E\000E\000P\000o\000c\000r\000a\000t\000e\000s\000\040\000S\000i\000l\000i\000c\000o\000n\000\040\000C\000h\000a\000r\000a\000c\000t\000e\000r\000i\000z\000a\000t\000i\000o\000n}{section.3.5}% 51
\BOOKMARK [2][-]{subsection.3.5.3}{\376\377\000H\000E\000E\000P\000o\000c\000r\000a\000t\000e\000s\000\040\000R\000u\000n\000-\000T\000i\000m\000e\000\040\000C\000h\000a\000r\000a\000c\000t\000e\000r\000i\000z\000a\000t\000i\000o\000n}{section.3.5}% 52
\BOOKMARK [1][-]{section.3.6}{\376\377\000E\000x\000p\000e\000r\000i\000m\000e\000n\000t\000a\000l\000\040\000R\000e\000s\000u\000l\000t\000s}{chapter.3}% 53
\BOOKMARK [2][-]{subsection.3.6.1}{\376\377\000X\000-\000H\000E\000E\000P\000\040\000C\000h\000a\000r\000a\000c\000t\000e\000r\000i\000z\000a\000t\000i\000o\000n}{section.3.6}% 54
\BOOKMARK [2][-]{subsection.3.6.2}{\376\377\000H\000E\000E\000P\000o\000c\000r\000a\000t\000e\000s\000\040\000S\000i\000l\000i\000c\000o\000n\000\040\000C\000h\000a\000r\000a\000c\000t\000e\000r\000i\000z\000a\000t\000i\000o\000n}{section.3.6}% 55
\BOOKMARK [2][-]{subsection.3.6.3}{\376\377\000H\000E\000E\000P\000o\000c\000r\000a\000t\000e\000s\000\040\000R\000u\000n\000-\000T\000i\000m\000e\000\040\000C\000h\000a\000r\000a\000c\000t\000e\000r\000i\000z\000a\000t\000i\000o\000n}{section.3.6}% 56
\BOOKMARK [1][-]{section.3.7}{\376\377\000X\000-\000H\000E\000E\000P\000-\000b\000a\000s\000e\000d\000\040\000S\000y\000s\000t\000e\000m\000s}{chapter.3}% 57
\BOOKMARK [2][-]{subsection.3.7.1}{\376\377\000A\000c\000c\000e\000l\000e\000r\000a\000t\000o\000r\000\040\000E\000x\000p\000l\000o\000r\000a\000t\000i\000o\000n}{section.3.7}% 58
\BOOKMARK [2][-]{subsection.3.7.2}{\376\377\000C\000h\000i\000p\000\040\000G\000a\000l\000l\000e\000r\000y}{section.3.7}% 59
\BOOKMARK [1][-]{section.3.8}{\376\377\000S\000u\000m\000m\000a\000r\000y\000\040\000a\000n\000d\000\040\000C\000o\000n\000c\000l\000u\000s\000i\000o\000n\000s}{chapter.3}% 60
\BOOKMARK [0][-]{chapter.4}{\376\377\000T\000h\000e\000\040\000e\000-\000G\000P\000U\000\040\000P\000l\000a\000t\000f\000o\000r\000m}{}% 61
\BOOKMARK [1][-]{section.4.1}{\376\377\000I\000n\000t\000r\000o\000d\000u\000c\000t\000i\000o\000n}{chapter.4}% 62
\BOOKMARK [1][-]{section.4.2}{\376\377\000R\000e\000l\000a\000t\000e\000d\000\040\000W\000o\000r\000k}{chapter.4}% 63
\BOOKMARK [2][-]{subsection.4.2.1}{\376\377\000C\000o\000m\000m\000e\000r\000c\000i\000a\000l\000\040\000P\000l\000a\000t\000f\000o\000r\000m\000s}{section.4.2}% 64
\BOOKMARK [2][-]{subsection.4.2.2}{\376\377\000A\000c\000a\000d\000e\000m\000i\000c\000\040\000P\000l\000a\000t\000f\000o\000r\000m\000s}{section.4.2}% 65
\BOOKMARK [1][-]{section.4.3}{\376\377\000B\000a\000c\000k\000g\000r\000o\000u\000n\000d}{chapter.4}% 66
\BOOKMARK [2][-]{subsection.4.3.1}{\376\377\000P\000l\000a\000t\000f\000o\000r\000m\000\040\000M\000o\000d\000e\000l}{section.4.3}% 67
\BOOKMARK [2][-]{subsection.4.3.2}{\376\377\000E\000x\000e\000c\000u\000t\000i\000o\000n\000\040\000M\000o\000d\000e\000l}{section.4.3}% 68
\BOOKMARK [2][-]{subsection.4.3.3}{\376\377\000R\000u\000n\000t\000i\000m\000e\000\040\000M\000o\000d\000e\000l}{section.4.3}% 69
\BOOKMARK [2][-]{subsection.4.3.4}{\376\377\000M\000e\000m\000o\000r\000y\000\040\000M\000o\000d\000e\000l}{section.4.3}% 70
\BOOKMARK [1][-]{section.4.4}{\376\377\000e\000-\000G\000P\000U\000\040\000H\000a\000r\000d\000w\000a\000r\000e}{chapter.4}% 71
\BOOKMARK [2][-]{subsection.4.4.1}{\376\377\000C\000o\000m\000p\000u\000t\000e\000\040\000U\000n\000i\000t}{section.4.4}% 72
\BOOKMARK [2][-]{subsection.4.4.2}{\376\377\000M\000e\000m\000o\000r\000y\000\040\000H\000i\000e\000r\000a\000r\000c\000h\000y}{section.4.4}% 73
\BOOKMARK [2][-]{subsection.4.4.3}{\376\377\000C\000o\000n\000t\000r\000o\000l\000l\000e\000r}{section.4.4}% 74
\BOOKMARK [1][-]{section.4.5}{\376\377\000e\000-\000G\000P\000U\000\040\000S\000o\000f\000t\000w\000a\000r\000e}{chapter.4}% 75
\BOOKMARK [2][-]{subsection.4.5.1}{\376\377\000T\000i\000n\000y\000-\000O\000p\000e\000n\000C\000L\000\040\000C\000o\000m\000p\000i\000l\000a\000t\000i\000o\000n}{section.4.5}% 76
\BOOKMARK [2][-]{subsection.4.5.2}{\376\377\000T\000i\000n\000y\000-\000O\000p\000e\000n\000C\000L\000\040\000E\000x\000e\000c\000u\000t\000i\000o\000n}{section.4.5}% 77
\BOOKMARK [1][-]{section.4.6}{\376\377\000A\000P\000U\000\040\000S\000y\000s\000t\000e\000m}{chapter.4}% 78
\BOOKMARK [2][-]{subsection.4.6.1}{\376\377\000e\000-\000G\000P\000U\000\040\000I\000n\000t\000e\000r\000f\000a\000c\000e\000s}{section.4.6}% 79
\BOOKMARK [2][-]{subsection.4.6.2}{\376\377\000H\000o\000s\000t\000\040\000C\000o\000n\000f\000i\000g\000u\000r\000a\000t\000i\000o\000n}{section.4.6}% 80
\BOOKMARK [2][-]{subsection.4.6.3}{\376\377\000T\000i\000n\000y\000-\000O\000p\000e\000n\000C\000L\000\040\000R\000u\000n\000t\000i\000m\000e}{section.4.6}% 81
\BOOKMARK [1][-]{section.4.7}{\376\377\000E\000x\000p\000e\000r\000i\000m\000e\000n\000t\000a\000l\000\040\000S\000e\000t\000u\000p}{chapter.4}% 82
\BOOKMARK [2][-]{subsection.4.7.1}{\376\377\000e\000-\000G\000P\000U\000\040\000C\000o\000n\000f\000i\000g\000u\000r\000a\000t\000i\000o\000n\000s}{section.4.7}% 83
\BOOKMARK [2][-]{subsection.4.7.2}{\376\377\000B\000e\000n\000c\000h\000m\000a\000r\000k\000s}{section.4.7}% 84
\BOOKMARK [2][-]{subsection.4.7.3}{\376\377\000M\000e\000t\000h\000o\000d\000o\000l\000o\000g\000y}{section.4.7}% 85
\BOOKMARK [1][-]{section.4.8}{\376\377\000E\000x\000p\000e\000r\000i\000m\000e\000n\000t\000a\000l\000\040\000R\000e\000s\000u\000l\000t\000s}{chapter.4}% 86
\BOOKMARK [2][-]{subsection.4.8.1}{\376\377\000S\000t\000a\000t\000i\000c\000\040\000C\000h\000a\000r\000a\000c\000t\000e\000r\000i\000z\000a\000t\000i\000o\000n}{section.4.8}% 87
\BOOKMARK [2][-]{subsection.4.8.2}{\376\377\000O\000v\000e\000r\000h\000e\000a\000d\000\040\000C\000h\000a\000r\000a\000c\000t\000e\000r\000i\000z\000a\000t\000i\000o\000n}{section.4.8}% 88
\BOOKMARK [2][-]{subsection.4.8.3}{\376\377\000T\000i\000n\000y\000B\000i\000o\000\040\000B\000e\000n\000c\000h\000m\000a\000r\000k\000\040\000C\000h\000a\000r\000a\000c\000t\000e\000r\000i\000z\000a\000t\000i\000o\000n}{section.4.8}% 89
\BOOKMARK [2][-]{subsection.4.8.4}{\376\377\000T\000r\000a\000d\000e\000-\000o\000f\000f\000\040\000D\000i\000s\000c\000u\000s\000s\000i\000o\000n}{section.4.8}% 90
\BOOKMARK [1][-]{section.4.9}{\376\377\000S\000u\000m\000m\000a\000r\000y\000\040\000a\000n\000d\000\040\000C\000o\000n\000c\000l\000u\000s\000i\000o\000n\000s}{chapter.4}% 91
\BOOKMARK [0][-]{chapter.5}{\376\377\000C\000o\000n\000c\000l\000u\000s\000i\000o\000n\000s}{}% 92
\BOOKMARK [1][-]{section.5.1}{\376\377\000S\000u\000m\000m\000a\000r\000y}{chapter.5}% 93
\BOOKMARK [1][-]{section.5.2}{\376\377\000F\000u\000t\000u\000r\000e\000\040\000W\000o\000r\000k}{chapter.5}% 94
\BOOKMARK [2][-]{subsection.5.2.1}{\376\377\000E\000x\000t\000e\000n\000d\000i\000n\000g\000\040\000t\000h\000e\000\040\000X\000-\000H\000E\000E\000P\000-\000F\000E\000M\000U\000\040\000P\000l\000a\000t\000f\000o\000r\000m}{section.5.2}% 95
\BOOKMARK [2][-]{subsection.5.2.2}{\376\377\000E\000v\000o\000l\000v\000i\000n\000g\000\040\000t\000h\000e\000\040\000X\000-\000H\000E\000E\000P\000\040\000P\000l\000a\000t\000f\000o\000r\000m}{section.5.2}% 96
\BOOKMARK [2][-]{subsection.5.2.3}{\376\377\000A\000d\000v\000a\000n\000c\000i\000n\000g\000\040\000t\000h\000e\000\040\000e\000-\000G\000P\000U\000\040\000P\000l\000a\000t\000f\000o\000r\000m}{section.5.2}% 97
\BOOKMARK [1][-]{section.5.3}{\376\377\000F\000i\000n\000a\000l\000\040\000C\000o\000n\000s\000i\000d\000e\000r\000a\000t\000i\000o\000n\000s}{chapter.5}% 98
\BOOKMARK [0][-]{appendix*.54}{\376\377\000C\000h\000i\000p\000\040\000G\000a\000l\000l\000e\000r\000y}{}% 99
\BOOKMARK [0][-]{section*.61}{\376\377\000L\000i\000s\000t\000\040\000o\000f\000\040\000f\000i\000g\000u\000r\000e\000s}{}% 100
\BOOKMARK [0][-]{section*.63}{\376\377\000L\000i\000s\000t\000\040\000o\000f\000\040\000t\000a\000b\000l\000e\000s}{}% 101
\BOOKMARK [0][-]{appendix*.66}{\376\377\000B\000i\000b\000l\000i\000o\000g\000r\000a\000p\000h\000y}{}% 102
